═══ 実測プロファイル別の帰結 ═══
  プロファイル                              正統性        成長         顧客         整合度
  従来の仮定（全機序 0.20）                     22.25      99.46      95.19      0.60
  実測プロファイル：全産業 187 社                  24.33      100.97     89.53      0.81
  実測プロファイル：情報通信 33 社                  22.74      100.06     130.50     0.61
  実測プロファイル：金融保険（取り分のみ実測）              23.71      100.50     87.27      0.79
  仮想：情報通信からロックインだけ除く                  23.51      100.35     86.54      0.74

═══ 従来の仮定はどれだけ外していたか ═══
  正統性: 22.25 → 24.33  (9.34%)
  成長  : 99.46 → 100.97  (1.52%)
  顧客  : 95.19 → 89.53  (-5.94%)

═══ 情報通信からロックインを取り除くと何が起きるか ═══
  現状（退出コスト 0.400）: 正統性 22.74 成長 100.06 顧客 130.50
  除去（0.075 に下げる）  : 正統性 23.51 成長 100.35 顧客 86.54
  → 正統性 3.38% / 成長 0.28% / 顧客 -33.69%

═══ 較正済みの機序数 ═══
  a_extract    実測（SEC EDGAR 2,281 社の純利益率）
  a_lockin     実測（ToS 検出率、全産業 7.5% / J 40.0%）
  a_asym       実測（紛争手段の非対称の検出率 18.2% / 52.0%）
  a_nonconsent 実測（追跡技術の検出率 11.2% / 4.0%）
  a_mismatch   実測（第三者収益の検出率 7.0% / 4.0%）
  a_extern     未測定 —— 環境・社会コストのデータが要る
  a_commod     未測定 —— 贈与関係の喪失を測る指標が無い
  a_ask        未測定 —— 表面の訴求量を測るには画面計測が要る
  → 8 機序中 5 つが実測に錨を打った（前回は 1 つ）
