═══ 1. 金利水準: 成長 vs 正統性（純固定利息 share_frac=0）═══
  金利      成長(制度能力)        信用残高        正統性         顧客
  0       22.55           3.00        20.78       27.76
  0.01    23.06           4.09        20.83       27.90
  0.03    23.89           6.09        20.90       28.13
  0.06    24.83           8.72        20.98       28.37
  0.1     25.73           11.68       21.06       28.59
  0.16    26.20           13.48       20.94       28.69
  0.25    25.21           10.03       19.19       28.19
  0.4     24.14           7.00        16.84       27.52

═══ 2. 損益分担（ムダーラバ）は固定利息に勝てるか ═══
   同じ金利水準で share_frac だけ動かす。monitor_cost が劣後の理由になるか
  share_frac  成長          正統性         金くささ        金融整合度
  0           24.83       20.98       8.72        0
  0.25        24.36       21.68       8.38        0.25
  0.5         24.02       23.66       8.26        0.5
  0.75        23.71       26.64       8.27        0.75
  1           23.40       30.55       8.28        1

═══ 3. モニタリング費用を振る —— 損益分担が負ける条件 ═══
  monitor_cost  固定利息の成長         損益分担の成長         どちらが勝つか
  0             24.83           24.94           損益分担
  0.2           24.83           24.06           固定利息
  0.35          24.83           23.40           固定利息
  0.6           24.83           22.30           固定利息
  1             24.83           20.54           固定利息

═══ 4. 困窮加速（延滞損害金・リボ）—— 直交が逆行に変わる点 ═══
  distress_mult  正統性         金融整合度         判定
   高金利(25%)で債務が重い局面を見る
  0              21.05       25.70         
  0.5            20.41       25.50         ← 逆行に転じている
  1              19.78       25.34         ← 逆行に転じている
  2              18.65       25.10         ← 逆行に転じている
  4              16.86       24.79         ← 逆行に転じている
  8              14.58       24.46         ← 逆行に転じている

═══ 5. 無金利（金融そのものを持たない）との比較 ═══
  無金利・無与信                     成長 20.93     正統性 20.62     信用 0.00
  無金利・与信あり（ゼロ金利）              成長 22.55     正統性 20.78     信用 3.00
  固定利息 6%                     成長 24.83     正統性 20.98     信用 8.72
  損益分担 100%                   成長 23.40     正統性 30.55     信用 8.28
  固定利息 + 延滞加速 6倍              成長 24.83     正統性 20.98     信用 8.72
