8 要素順位のロバストネス —— N= 30  spread=×[1/1.5,1.5] T= 200
  8 要素は独立変数なので摂動しない。各要素を +50% で叩く。

   5 / 30 {:G1 5, :G2 5, :G3 5, :G4 5, :G5 5, :n 5}
   10 / 30 {:G1 10, :G2 10, :G3 10, :G4 10, :G5 10, :n 10}
   15 / 30 {:G1 13, :G2 14, :G3 15, :G4 15, :G5 15, :n 15}
   20 / 30 {:G1 18, :G2 19, :G3 20, :G4 20, :G5 20, :n 20}
   25 / 30 {:G1 23, :G2 24, :G3 25, :G4 25, :G5 25, :n 25}
   30 / 30 {:G1 27, :G2 28, :G3 30, :G4 30, :G5 30, :n 30}

═══ 主張の検定（有効 30 ／退化除外 0 ）═══
  G1 ロックインは成長にマイナス               27/30 = 90.0%
  G2 ロックインは正統性にマイナス             28/30 = 93.3%
  G3 学習が正統性で 1 位                     30/30 = 100.0%
  G4 ネットワーク安全性が成長で 1 位          30/30 = 100.0%
  G5 学習が成長・正統性の両方で上位半分       30/30 = 100.0%

═══ 順位の中央値（1 が最良）═══
  要素                      成長 中央値        正統性 中央値
  ネットワーク安全性               1             3
  学習効果                    2             1
  データ品質ループ                3             3
  能力→計算ループ                4             4
  価格還元率                   5             5
  統合プレミアム                 6             6
  規模の経済                   7             7
  ロックイン                   8             8
