不動産 文書 4 本（国交省 標準契約書・ガイドライン）

  文書ID        千字     負       正       比
  001479827   30     10.05   4.69    2.14 : 1
  001479824   29     8.75    4.90    1.79 : 1
  001016469   138    5.28    0.87    6.08 : 1
  001747006   119    0.17    0.00    正=0

═══ 機序ごとの平均密度（1 万字あたり）═══
  − 中途解約の制限・違約金               密度 0.45     / 3/4 本
  − 原状回復の借主負担                 密度 2.82     / 3/4 本
  − 敷金の償却・敷引                  密度 0.22     / 1/4 本
  − 更新料・再契約料                  密度 0.04     / 1/4 本
  − 賃料の一方的改定                  密度 0.25     / 4/4 本
  − 定期借家（更新がない）               密度 0.28     / 3/4 本
  − 連帯保証・家賃債務保証               密度 2.00     / 3/4 本
  − 貸主の一方的権利                  密度 0.02     / 1/4 本
  ＋ 原状回復は貸主負担と明示              密度 1.22     / 3/4 本
  ＋ 敷金の返還を明示                  密度 0.47     / 3/4 本
  ＋ 借主の解約権を明示                 密度 0.93     / 3/4 本

═══ 総計 ═══
  負 6.06 / 正 2.62 / 比 2.32 : 1
