実財務 × 実契約 ——  8 社

  社           純利益率       net   負    検出された機序
  NVIDIA      0.556      -1    2    −一方的変更 −紛争手段の非対称 ＋退出の明示的保証
  Microsoft   0.361      -3    4    −退出コスト −一方的変更 −非同意・追跡 −紛争手段の非対称 ＋データ可搬性
  Alphabet    0.328      0     0    
  Apple       0.269      -1    1    −一方的変更
  Netflix     0.243      -2    2    −退出コスト −一方的変更
  Airbnb      0.205      -3    3    −退出コスト −一方的変更 −紛争手段の非対称
  PayPal      0.158      -2    2    −一方的変更 −紛争手段の非対称
  Amazon      0.108      -1    1    −一方的変更

═══ 相関 ═══
  純利益率 × net スコア      Pearson r = 0.180
  純利益率 × 負の機序数      Pearson r = 0.142
  順位相関（Spearman）       r = 0.161

  n=8 —— この標本数では相関係数の信頼区間は非常に広い。

═══ 機序ごとの検出（高マージン順）═══
  − 退出コスト               検出 3/8     検出社の平均マージン 0.270    非検出 0.284
  − 一方的変更               検出 7/8     検出社の平均マージン 0.272    非検出 0.328
  − 第三者収益               検出 0/8     検出社の平均マージン —        非検出 0.279
  − 非同意・追跡              検出 1/8     検出社の平均マージン 0.361    非検出 0.267
  − 紛争手段の非対称            検出 4/8     検出社の平均マージン 0.320    非検出 0.237
  ＋ データ可搬性              検出 1/8     検出社の平均マージン 0.361    非検出 0.267
  ＋ 退出の明示的保証            検出 1/8     検出社の平均マージン 0.556    非検出 0.239
