使えた社: 2281 （売上 >$1M かつ ISIC あり）
期間: 2021-09-30 〜 2026-05-31

═══ ISIC section 別の純利益率（= a_extract の実測代理）═══
  section             社数     中央値       第1四分位      第3四分位      売上中央値(M$)
  B 鉱業                107    0.039     -0.091     0.154      863
  C 製造                838    -0.069    -1.020     0.080      176
  D 電気ガス              62     0.113     0.062      0.182      3156
  E 水道廃棄物             12     0.202     0.133      0.249      195
  F 建設                16     0.044     0.003      0.089      2812
  G 卸売小売              64     0.006     -0.050     0.028      3041
  H 運輸                39     0.015     -0.064     0.079      2974
  I 宿泊飲食              63     0.025     -0.069     0.093      1399
  J 情報通信              345    -0.024    -0.242     0.099      489
  K 金融保険              377    0.136     0.027      0.346      450
  L 不動産               218    0.078     -0.086     0.282      420
  M 専門技術              71     0.010     -0.168     0.071      191
  N 管理支援              26     -0.001    -0.090     0.029      1240
  Q 保健社会              43     -0.022    -0.188     0.086      982

═══ 規模と利益率の関係（規模の経済は実在するか）═══
  売上五分位         社数     売上中央値(M$)       純利益率 中央値
  Q1            456    7               -1.023
  Q2            456    71              -0.110
  Q3            456    447             0.022
  Q4            456    1662            0.062
  Q5            456    11665           0.089

═══ 全体 ═══
  純利益率 中央値: 0.018  / 負の社: 1030 ( 45.2 %)
  → モデルの a_extract 既定値 0.20 と比較すること
