実証範囲に錨を打った基準（全機序 = 中央値企業の水準 0.018）
  正統性 25.910  成長 100.096  顧客 89.664 

═══ 各機序を 0.018 → 0.136（最高業種の水準）に上げたときの代償 ═══
  機序                      Δ正統性        Δ成長         Δ顧客
  取り分                     -0.720      -0.502      -2.535
  情報非対称                   -0.476      -0.330      -1.679
  退出コスト                   -0.367      -0.217      11.106
  費用の外部化                  -0.234      -0.161      -0.824
  非同意・監視                  -0.358      -0.247      -1.262
  目的と収益源のずれ               -0.422      -0.292      -1.488
  贈与の商品化                  -0.193      -0.133      -0.681
  訴求の可視量                  -0.139      -0.096      -0.491

  ── 参考: 従来の実証範囲外ショック（0.20 → 0.70）──
  取り分                     -1.430      -1.152      -5.837
  情報非対称                   -1.037      -0.832      -4.249
  退出コスト                   -0.874      -0.447      150.329
  費用の外部化                  -0.497      -0.396      -2.047
  非同意・監視                  -0.760      -0.608      -3.122
  目的と収益源のずれ               -0.869      -0.696      -3.565
  贈与の商品化                  -0.464      -0.370      -1.913
  訴求の可視量                  -0.345      -0.274      -1.422

═══ 実証範囲内での順位の安定性（m_* と s_* を振る、N= 40 ）═══
  有効 draw: 40

  「最も正統性を壊す機序」:
    目的と収益源のずれ               10/40  25.0%
    情報非対称                   8/40  20.0%
    取り分                     8/40  20.0%
    贈与の商品化                  4/40  10.0%
    費用の外部化                  4/40  10.0%
    訴求の可視量                  3/40  7.5%
    非同意・監視                  2/40  5.0%
    退出コスト                   1/40  2.5%

  「顧客を増やした（儲かる）機序」:
    退出コスト                   40/40  100.0%
    訴求の可視量                  0/40  0.0%
    贈与の商品化                  0/40  0.0%
    目的と収益源のずれ               0/40  0.0%
    非同意・監視                  0/40  0.0%
    費用の外部化                  0/40  0.0%
    情報非対称                   0/40  0.0%
    取り分                     0/40  0.0%
