基準: 正統性 22.23  成長 97.43  顧客 95.01 

═══ 各機序を 0.20 → 0.70 にしたときの代償（余剰経路を入れた後）═══
  機序                      Δ正統性        Δ成長         Δ顧客         余剰係数
  取り分                     -1.43       -1.15       -5.84       1
  情報非対称                   -1.04       -0.83       -4.25       0.5
  退出コスト                   -0.87       -0.45       150.33      0.4
  費用の外部化                  -0.50       -0.40       -2.05       0.15
  非同意・監視                  -0.76       -0.61       -3.12       0.3
  目的と収益源のずれ               -0.87       -0.70       -3.56       0.35
  贈与の商品化                  -0.46       -0.37       -1.91       0.2
  訴求の可視量                  -0.34       -0.27       -1.42       0.15

═══ 重み m_* と余剰係数 s_* を両方振る（N= 40 ）═══
  有効 draw: 40

  「最も正統性を壊す機序」に選ばれた回数:
    取り分                     23/40  57.50%
    情報非対称                   11/40  27.50%
    費用の外部化                  4/40  10.00%
    贈与の商品化                  1/40  2.50%
    目的と収益源のずれ               1/40  2.50%
    訴求の可視量                  0/40  0.00%
    非同意・監視                  0/40  0.00%
    退出コスト                   0/40  0.00%

  「顧客を増やした（＝儲かる）機序」の回数:
    退出コスト                   40/40  100.00%
    訴求の可視量                  0/40  0.00%
    贈与の商品化                  0/40  0.00%
    目的と収益源のずれ               0/40  0.00%
    非同意・監視                  0/40  0.00%
    費用の外部化                  0/40  0.00%
    情報非対称                   0/40  0.00%
    取り分                     0/40  0.00%
