═══ 0. 基準（全機序 0.20）═══
  Alignment を含む主要な量:
    Customers           27.284
    Legitimacy          24.852
    Reputation          21.937
    Cultural_Power      25.635
    Sacred_Total        20.621

═══ 1. 機序ごとの代償 —— 1 つだけ 0.20 → 0.70 に上げる ═══
   ΔRevenue = 収益で得るもの / ΔSacred = 正統性で失うもの（∫dt、基準比）
   機序                                ΔSacred(∫dt)   Δ顧客        Alignment  判定
   取り分（創出価値の何割を取るか）                  -782.48        -5.681     0.500      壊す
   情報非対称の利用                          -261.48        -1.936     0.450      壊す
   退出コスト（ロックイン）                      -79.53         43.657     0.400      壊す
   費用の外部化                            -207.44        -1.540     0.480      壊す
   非同意（監視・ダークパターン）                   -261.48        -1.936     0.450      壊す
   目的と収益源のずれ（広告モデル）                  -316.50        -2.337     0.420      壊す
   贈与だったものの商品化                       -102.07        -0.762     0.540      壊す
   訴求の可視量                            -67.70         -0.506     0.560      壊す

═══ 2. 「収益そのもの」は壊すのか —— 規模 × 整合度 ═══
   全機序を同時に動かして整合度を作り、rev_scale で規模を変える
   整合度         rev=0.4    rev=0.8    rev=1.6    rev=3.2    rev=6.4    
   +1.0 完全整合   18.40      20.40      23.64      29.20      39.81      
   +0.5        17.05      18.09      19.86      22.69      27.33      
   0.0 直交      15.88      15.88      15.88      15.88      15.88      
   -0.5        12.43      9.09       5.53       2.82       0.00       
   -1.0 完全逆行   5.74       2.87       0.00       0.00       0.00       
   （表の値は Sacred_Total(t=300)。行 = 整合度、列 = 収益規模）

═══ 3. なぜ搾取が短期では勝つのか —— 時間軸 ═══
   整合 vs 逆行、同じ規模で顧客数と正統性がどう動くか
   整合 (a=0.05)
     t=30    顧客 12.43    正統性 17.25    Sacred 10.222
     t=60    顧客 27.91    正統性 31.70    Sacred 22.100
     t=120   顧客 35.99    正統性 37.94    Sacred 27.364
     t=300   顧客 36.84    正統性 38.54    Sacred 27.811
   逆行 (a=0.95)
     t=30    顧客 17.71    正統性 10.20    Sacred 0.000
     t=60    顧客 44.70    正統性 15.32    Sacred 0.000
     t=120   顧客 90.89    正統性 17.60    Sacred 0.000
     t=300   顧客 150.21   正統性 17.93    Sacred 0.000

═══ 4. 取り分はどこまで取れるか —— a_extract 単独 sweep ═══
   他 7 機序は 0.20 のまま。取り分だけ動かす
   a_extract   Sacred    顧客        自分の収益       相手の余剰       Alignment
   0.05        21.509    29.11     0.0474      0.9010      0.630
   0.15        20.917    27.88     0.1398      0.7920      0.610
   0.3         20.029    26.10     0.2718      0.6341      0.580
   0.5         18.841    23.81     0.4348      0.4348      0.540
   0.7         17.643    21.60     0.5816      0.2492      0.500
   0.9         16.456    19.50     0.7108      0.0790      0.460
   0.99        15.938    18.60     0.7633      0.0077      0.442

═══ 5. 機序の順位は重み m_* の選び方に依存するか（200 draw）═══
   「最も Sacred を壊す機序」に選ばれた回数 / 200:
     取り分（創出価値の何割を取るか）                  200
     訴求の可視量                            0
     贈与だったものの商品化                       0
     目的と収益源のずれ（広告モデル）                  0
     非同意（監視・ダークパターン）                   0
     費用の外部化                            0
     退出コスト（ロックイン）                      0
     情報非対称の利用                          0
   ロックインが顧客を増やした draw: 200/200
