═══ 1. 観測間隔 T* = sqrt(2·cost / (importance·λ)) ═══
  actor                     λ/day     基拠                    w     cost s  T* 生      T* 採用     
  com-etzhayyim-inochi      0.02      prior                 5     1.13    4.7d      4.7d      
  com-etzhayyim-rasen       0.03      prior                 5     1.15    3.9d      3.9d      
  com-etzhayyim-masago      0.03      prior                 5     1.01    3.7d      3.7d      
  tashikame                 1.00      prior                 10    1.52    13.2h     13.2h     
  mitooshi                  1.00      prior                 10    1.12    11.3h     11.3h     
  shionome                  2.00      prior                 10    1.12    8.0h      8.0h      
  com-etzhayyim-busshi      2.00      prior                 10    1.08    7.9h      7.9h      
  sukashi                   2.00      prior                 20    1.77    7.1h      7.1h      
  kouhou                    4.00      prior                 10    1.50    6.6h      6.6h      
  meyasu                    4.00      prior                 20    1.00    3.8h      3.8h      
  com-etzhayyim-mikurabe    24.00     prior                 10    1.50    2.7h      2.7h      
  watari                    24.00     prior                 20    1.20    1.7h      1.7h      
  com-etzhayyim-kawaraban   1436.00   measured              20    9.43    37m       1.0h      

  床 1.0h / 天井 14.0d で丸めた本数: 1 / 13

═══ 2. 平坦な日次（現行）と計算した間隔の比較 ═══
  actor                     日次のコスト          T* のコスト         削減        
  com-etzhayyim-inochi      1.18            0.47            60%       
  com-etzhayyim-rasen       1.22            0.59            52%       
  com-etzhayyim-masago      1.08            0.55            49%       
  tashikame                 6.52            5.51            15%       
  mitooshi                  6.12            4.73            23%       
  shionome                  11.12           6.69            40%       
  com-etzhayyim-busshi      11.08           6.56            41%       
  sukashi                   21.77           11.90           45%       
  kouhou                    21.50           10.94           49%       
  meyasu                    41.00           12.64           69%       
  com-etzhayyim-mikurabe    121.50          26.80           78%       
  watari                    241.19          33.87           86%       
  com-etzhayyim-kawaraban   14369.43        824.68          94%       
  合計                        14854.70        945.92          94%       
  ※ コストの単位は「計算秒 + 重み付き陳腐化」。両者を importance が同じ
    尺度に載せている。絶対値ではなく比だけを読むこと。
  ※ **この削減率を成果として引用しない。** T* はこの目的関数を最小化する
    ように定義した値なので、同じ目的関数で測れば必ず改善する（循環）。
    読むべきは合計ではなく **間隔の散らばり** —— 1h から 4.8d まで 100 倍
    以上開くという事実が、平坦な日次が 2 方向に間違っていた証拠になる。
    合計の 94% はほぼ kawaraban 1 本で決まっており、fleet の話ではない。

═══ 3. importance を間違えたときに間隔がどれだけずれるか ═══
  T* ∝ 1/sqrt(w) なので、w の誤差は平方根に潰れる:
    w を 0.25×   間違える → 間隔は 2.00× ずれる
    w を 0.5×    間違える → 間隔は 1.41× ずれる
    w を 1×      間違える → 間隔は 1.00× ずれる
    w を 2×      間違える → 間隔は 0.71× ずれる
    w を 4×      間違える → 間隔は 0.50× ずれる
    w を 16×     間違える → 間隔は 0.25× ずれる
  **importance は測れない判断値**なので、この減衰が「測れないものに
  設計を依存させすぎない」保証になる。16 倍間違えても 4 倍しかずれない。

═══ 4. XMILE モデル A — 最適点は実在するか（連続近似を掃引）═══
  対象 watari  λ=24.00/day  w=20  cost=1.20s
  間隔          平衡 S        陳腐化         実行          合計          
  14m         0.240       4.800       119.500     124.300     
  29m         0.480       9.600       59.750      69.350      
  1.2h        1.200       24.000      23.900      47.900      
  2.4h        2.400       48.000      11.950      59.950      
  6.0h        6.000       120.000     4.780       124.780     
  12.0h       12.000      240.000     2.390       242.390     
  24.0h       24.000      480.000     1.195       481.195     
  2.0d        48.000      960.000     0.598       960.597     

  掃引の最小        1.2h   （掃引点のうち最小。格子の粗さだけの精度）
  連続近似の閉形式   1.2h  = sqrt(c/(wλ))
  周期形の閉形式     1.7h  = sqrt(2c/(wλ)) ← スケジューラはこちら
  両者は sqrt(2)=1.41 倍だけ違う。連続 outflow S/T は平衡 S*=λT を与えるが、
  実際の周期観測の平均未捕捉量は λT/2 だからで、モデルの誤りではなく近似の差。

═══ 5. XMILE モデル B — λ を学習する loop の追従（30 日目に λ が 10 倍）═══
  学習率       60日目の誤差         120日目の誤差        間隔の振れ幅          
  0.02      49.4%           14.9%           2.8h – 8.3h     
  0.05      20.0%           1.0%            2.6h – 8.2h     
  0.1       4.5%            0.0%            2.6h – 8.1h     
  0.3       0.0%            0.0%            2.6h – 7.9h     
  0.9       0.0%            0.0%            2.6h – 7.2h     
  一次の平滑なので**振動しない**（オーバーシュートが起きるのは 2 次以上の
  遅れか、間隔自身が観測頻度を決める強い結合を入れたとき）。学習率は
  『どれだけ速く追従するか』だけを決める —— 安定性の問題にはならない。
  したがって運用では追従の速さだけを見て選べばよい。

═══ 6. XMILE モデル C — fleet の容量 ═══
  要求: 71.2 run/day、287.0 計算秒/day
  capacity 60 s/day         使用率 478.3%     30日後の backlog 6808.9s
  capacity 300 s/day        使用率 95.7%      30日後の backlog 0.0s
  capacity 3600 s/day       使用率 8.0%       30日後の backlog 0.0s
  現行（22 本 × 日次）: 22 run/day、31.9 計算秒/day
  → 計算量は 9.0 倍に増える。**鮮度は無料ではない。**
  1 日 60 秒の予算には収まらない（使用率 478%、backlog が伸び続ける）。
  300 秒/day で使用率 96%、余裕を見るなら 600 秒/day。1 台の mac-mini の
  数分に相当するので **この規模では CPU は律速ではない** —— 律速になるのは
  外向き fetch の礼儀（live-alias 側）であって、そちらは既定で止めてある。

═══ 7. loop の宣言（dynamics.core）═══
  λ が実測なのは 1 / 13 本。残り 12 本は宣言した prior。
  **prior を測定値として提示しない。** 登録簿の :change-rate-basis が
  1 本ずつどちらかを持ち、gate が basis の欠落を落とす。

  冪等 3 本（busshi / inochi / rasen）は 5 回連続で追記しなかった。これを『変化率 0』とは書かない:
    95% 上界 = 1-(1-0.95)^(1/5) = 0.4507 /run —— 『1 run あたり最大 45.1% の確率でしか変化しない』
    が言えるだけで、点推定はできない（点推定には最低 1 回の観測が要る）。
    露出時間が数分しかないので上界は弱い。**台帳が伸びれば強くなる。**

═══ 8. XMILE 1.0 written ═══
   90-docs/system-dynamics/observatory-cadence.xmile (3389 bytes, 3 models)
   90-docs/system-dynamics/observatory-cadence.datoms.edn (14 entities)
