permits datoms: 1664  / map entity: 1664
許認可 entry: 1535  / 手数料実測: 117  / 手続: 5

═══ 管轄のカバレッジ ═══
  管轄数: 188
  行数: 1535 （再掲を含む。制度数ではない）

═══ 辿れるか（透明性）═══
  法的根拠あり  : 1404 / 1535 91.5%
  出典引用リストあり: 361 / 1535 23.5%
  所管庁あり    : 1445 / 1535 94.1%
  ISIC あり     : 923 / 1535 60.1%

═══ ISIC section 別 —— どの産業が最も許認可に縛られているか ═══
  section               許認可数      根拠あり      証拠要求の平均数
  A 農林水産                28        4         5.9
  B 鉱業・採石               26        18        4.0
  C 製造                  176       119       5.0
  D 電気・ガス               23        23        4.0
  E 水道・廃棄物              11        11        4.0
  F 建設                  37        10        —
  G 卸売・小売               70        70        3.5
  H 運輸・保管               53        53        3.6
  I 宿泊・飲食               4         4         4.8
  J 情報通信                20        20        4.0
  K 金融・保険               79        79        4.0
  L 不動産                 11        11        4.0
  M 専門・技術               155       155       4.0
  N 管理支援                15        12        4.5
  O 公務・国防               4         4         4.0
  P 教育                  39        39        4.1
  Q 保健・社会               44        44        4.0
  R 芸術・娯楽               44        44        4.0
  S その他サービス             76        76        3.9
  T 家事                  4         4         4.0
  U 国際機関                4         4         4.0

═══ 手数料の実測 —— licence-type を揃えた群でのみ比較する ═══
  実測件数: 89  / 出典 URL あり: 89  / fee-year あり: 4
  ── sanpai  n=25  通貨 JPY
     min 71000 / max 81000 / 中央 81000
       千葉市                           81000 JPY stage=new as-of 2026-08-07
       さいたま市                         81000 JPY stage=new as-of 2026-08-07
       仙台市                           81000 JPY stage=new as-of 2026-08-07
  ── collector  n=18  通貨 GBP
     min 12400 / max 71700 / 中央 33110
       Bristol City Council          71700 GBP stage=unstated as-of 2026-08-07
       London Borough of Newham      61050 GBP stage=unstated as-of 2026-08-07
       Kirklees Council              46761 GBP stage=new as-of 2026-08-07
  ── site  n=18  通貨 GBP
     min 23500 / max 108900 / 中央 49500
       London Borough of Newham     108900 GBP stage=unstated as-of 2026-08-07
       Kirklees Council              80478 GBP stage=new as-of 2026-08-07
       Bristol City Council          77000 GBP stage=unstated as-of 2026-08-07
  ── kobutsu  n=14  通貨 JPY
     min 19000 / max 19000 / 中央 19000
       鹿児島県公安委員会                     19000 JPY stage=new as-of 2026-08-07
       沖縄県公安委員会                      19000 JPY stage=new as-of 2026-08-07
       宮崎県公安委員会                      19000 JPY stage=new as-of 2026-08-07
  ── anzeige  n=5  通貨 EUR
     min 0 / max 10000 / 中央 5000
       Sachsen-Anhalt                10000 EUR stage=new as-of 2026-08-07
       Sachsen-Anhalt                 7500 EUR stage=new as-of 2026-08-07
       Hessen                         5000 EUR stage=new as-of 2026-08-07
  ── erlaubnis  n=4  通貨 EUR
     min 25000 / max 100000 / 中央 80000
       Hessen                       100000 EUR stage=new as-of 2026-08-07
       Hessen                        80000 EUR stage=new as-of 2026-08-07
       Niedersachsen                 36000 EUR stage=new as-of 2026-08-07
  ── unspecified  n=2  通貨 GBP
     min 18100 / max 18300 / 中央 18300
       Leeds City Council            18300 GBP stage=renewal as-of 2026-08-07
       Leeds City Council            18100 GBP stage=new as-of 2026-08-07

═══ 手続の負荷（人的手順数・処理日数・有効年数）═══
  scrap metal licence（英国 England and Wales・発給は地方自治体） 手順   10 / 人的    8 / 日数     — / 有効    3年  GBR
  廃棄物の収集・運搬・取引・仲介の開業手続（ドイツ連邦・KrWG §53 届出／§54 許可の二段） 手順    9 / 人的    6 / 日数     — / 有効    —年  DEU
  産業廃棄物収集運搬業許可（東京都・積替え保管なし）                手順    7 / 人的    5 / 日数    60 / 有効    5年  JPN
  古物商許可（東京都公安委員会・営業所: 千代田区丸の内）             手順    6 / 人的    5 / 日数    40 / 有効    —年  JPN
  controlled waste carrier 登録（upper tier・England / Environment Agency） 手順    8 / 人的    5 / 日数     — / 有効    3年  GBR

═══ 未解決の法的論点を申告している手続 ═══
  廃棄物の収集・運搬・取引・仲介の開業手続（ドイツ連邦・KrWG §53 届出／§54 許可の二段） — 8
  scrap metal licence（英国 England and Wales・発給は地方自治体） — 6
  controlled waste carrier 登録（upper tier・England / Environment Agency） — 4
  古物商許可（東京都公安委員会・営業所: 千代田区丸の内） — 1
  産業廃棄物収集運搬業許可（東京都・積替え保管なし） — 3

═══ データセット自身が申告している限界 ═══
  rows                          1657
  rows-with-citation            1418
  rows-without-citation         90
  jurisdictions                 188
  fee-observations              117
  procedures                    5
  caveat                        法域別の行数は制度の数ではない。iso3166 の marketentry catalog が 各国 repo に USA/DEU/GBR の比較行を再掲するため（実測: 545 行中 自国行は 185）。国ごとの制度を数えるには :permit/repo で絞ること。
  fee-observation-caveat        手数料の観測は標本であって幅ではない。min/max を制度の幅として引用しない。比較するときは :fee-observation/licence-type と :stage を揃えること —— 揃えないと『新規と明記された額』と『段階を書いていない額』が混ざる。また :fee-observation/fee-year を持つ行はごく一部で、残りは年度不明であって今年度ではない。
  excluded                      {:other-catalog-shape 517, :not-a-map 17, :no-catalog-def 41, :unreadable-file 0, :note "record vector（:statute/* :ordinance/* 等）と source allowlist はこの dataset の対象外 —— 形も意味も別物。:no-catalog-def はパース失敗ではなく、その var が無い repo。"}
