ロバストネス解析: 全パラメータを log-uniform ×[1/ 1.5 , 1.5 ] で摂動
  K は設計則 K = kfrac·g/δ を摂動後の g,δ から再計算（kfrac ~ U(0.30,0.60)）
  φ/θ/ψ は独立変数なので摂動しない。T= 300  dt= 1  seed=20260808
  draws: A/C/D = 400 , B = 200
  ACD 20 / 400 {:A 18, :C 9, :D 20, :degenerate 0, :n 20}
  ACD 40 / 400 {:A 34, :C 16, :D 39, :degenerate 0, :n 40}
  ACD 60 / 400 {:A 54, :C 22, :D 58, :degenerate 0, :n 60}
  ACD 80 / 400 {:A 71, :C 29, :D 78, :degenerate 0, :n 80}
  ACD 100 / 400 {:A 90, :C 38, :D 97, :degenerate 0, :n 100}
  ACD 120 / 400 {:A 109, :C 44, :D 116, :degenerate 0, :n 120}
  ACD 140 / 400 {:A 125, :C 53, :D 133, :degenerate 0, :n 140}
  ACD 160 / 400 {:A 143, :C 61, :D 152, :degenerate 0, :n 160}
  ACD 180 / 400 {:A 160, :C 70, :D 172, :degenerate 0, :n 180}
  ACD 200 / 400 {:A 179, :C 75, :D 192, :degenerate 0, :n 200}
  ACD 220 / 400 {:A 198, :C 79, :D 212, :degenerate 0, :n 220}
  ACD 240 / 400 {:A 215, :C 85, :D 232, :degenerate 0, :n 240}
  ACD 260 / 400 {:A 235, :C 90, :D 252, :degenerate 0, :n 260}
  ACD 280 / 400 {:A 253, :C 99, :D 272, :degenerate 0, :n 280}
  ACD 300 / 400 {:A 270, :C 104, :D 291, :degenerate 0, :n 300}
  ACD 320 / 400 {:A 288, :C 112, :D 311, :degenerate 0, :n 320}
  ACD 340 / 400 {:A 306, :C 122, :D 331, :degenerate 0, :n 340}
  ACD 360 / 400 {:A 326, :C 132, :D 351, :degenerate 0, :n 360}
  ACD 380 / 400 {:A 344, :C 137, :D 371, :degenerate 0, :n 380}
  ACD 400 / 400 {:A 363, :C 147, :D 390, :degenerate 0, :n 400}

=== A/C/D 結果 ===
  有効 draw: 400  / 退化して除外: 0
  A 到達点は M0 に依らない        : 363/400 = 90.8%
  C φ 応答が内部最大を持つ        : 147/400 = 36.8%
  D ψ のほうが θ より効く         : 390/400 = 97.5%
  B 10 / 200 ranks so far 10
  B 20 / 200 ranks so far 20
  B 30 / 200 ranks so far 30
  B 40 / 200 ranks so far 40
  B 50 / 200 ranks so far 50
  B 60 / 200 ranks so far 60
  B 70 / 200 ranks so far 70
  B 80 / 200 ranks so far 80
  B 90 / 200 ranks so far 90
  B 100 / 200 ranks so far 100
  B 110 / 200 ranks so far 110
  B 120 / 200 ranks so far 120
  B 130 / 200 ranks so far 130
  B 140 / 200 ranks so far 140
  B 150 / 200 ranks so far 150
  B 160 / 200 ranks so far 160
  B 170 / 200 ranks so far 170
  B 180 / 200 ranks so far 180
  B 190 / 200 ranks so far 190
  B 200 / 200 ranks so far 200

=== B 結果: Money の順位（14 stock 中）===
  有効 draw: 200
  中央値順位: 13  最良: 11  最悪: 14
  下位 3 位以内(>=12)  : 186/200 = 93.0%
  下位半分(>=8)        : 200/200 = 100.0%
  順位の分布: {11 14, 12 42, 13 94, 14 50}
