═══ 修復後: scale_econ を振ると成長も動くか ═══
  scale_econ  正統性        成長         顧客         留保利益率の代理
  0           22.971     99.166     89.502     0.073
  0.25        22.995     99.640     94.142     0.121
  0.55        23.016     100.075    98.371     0.162
  1.5         23.053     100.917    106.496    0.239
  4           23.088     101.782    114.759    0.314
  10          23.108     102.336    120.032    0.359

═══ 価格還元率を振る —— 顧客に返すか自分に残すか ═══
  price_pass  正統性        成長         顧客
  0           22.939     102.677    76.840
  0.3         22.984     101.438    87.558
  0.6         23.016     100.075    98.371
  0.9         23.040     98.616     109.240
  1           23.047     98.113     112.871

═══ 修復が 8 要素順位を変えるか ═══
  要素                    Δ成長         Δ正統性
  ネットワーク安全性             1.957       0.199
  学習効果                  0.936       0.892
  規模の経済                 0.309       0.014
  データ品質                 0.187       0.238
  能力→計算                 0.133       0.170
  統合プレミアム               0.088       0.032
  ロックイン                 -0.079      -0.227
  価格還元                  -1.458      0.024

  修復前（ADR-2608090200）の成長順位: ネットワーク安全性 > 学習 > データ品質 > 能力→計算 > 価格還元 > 統合 > 規模の経済 > ロックイン
