═══ 1. 回転率を振る —— 最適点はあるか ═══
  回転率     流動性       搾取        正味        成長        正統性       顧客
  0       0.00      0.00      0.00      66.64     22.65     33.89
  0.25    0.17      0.06      0.12      75.92     22.45     36.84
  0.5     0.29      0.11      0.18      82.18     21.81     38.72
  1       0.45      0.22      0.23      90.08     19.94     40.97
  2       0.63      0.44      0.18      97.98     15.27     43.02
  4       0.77      0.88      -0.11     104.23    10.06     44.24
  8       0.87      1.76      -0.89     108.14    4.56      43.77
  16      0.93      3.52      -2.59     109.76    0.00      36.77

═══ 2. 透明性は高回転市場を救えるか（回転率 8 で固定）═══
  透明性       搾取        正味        成長        正統性
  0         3.52      -2.65     107.07    0.00
  0.25      2.64      -1.77     107.67    1.62
  0.5       1.76      -0.89     108.14    4.56
  0.75      0.88      -0.01     108.64    10.48
  0.9       0.35      0.52      109.01    18.78
  1         0.00      0.87      109.23    27.75

═══ 3. 発行市場 vs 流通市場 —— どちらが実体に効くか ═══
  市場なし（回転率 0）               成長 66.64     正統性 22.65     金くささ 9.35
  薄い市場（0.5）                 成長 82.18     正統性 21.81     金くささ 9.74
  適度な市場（2.0）                成長 97.98     正統性 15.27     金くささ 10.07
  過剰回転（16）暗い                成長 108.03    正統性 0.00      金くささ 10.13
  過剰回転（16）明るい               成長 111.61    正統性 19.08     金くささ 10.34
  発行を止める（g_primary=0）       成長 24.99     正統性 13.66     金くささ 9.48

═══ 4. 三分法での位置づけ（正味 = 流動性 − 搾取）═══
  発行市場（IPO・起債）                      正味 0.00     直交〜逆行
  マーケットメイク（在庫リスク負担）                 正味 0.37     整合
  投機（対他投機家のゼロサム）                    正味 -0.11    直交〜逆行
  HFT レイテンシ裁定・フロントラン                正味 -5.41    逆行
