market-intel: LEI 付き 2640 社、うち ISIC あり 1727
ToS 観測: 187 社
ISIC が付いた社: 44 / 187 (23.5%)

═══ ISIC section 別の逆行シグナル ═══
  section                 社数    平均 net    退出    一方的     第三者     非同意     紛争    ＋    無検出
  B 鉱業・採石                 3     -0.67     0     2       0       0       0     0    1
  C 製造                    10    -1.00     0     8       0       0       2     0    1
  D 電気・ガス                 4     -1.00     0     3       0       0       1     0    1
  F 建設                    1     0.00      0     0       1       0       0     1    0
  G 卸売・小売                 1     -2.00     0     1       0       0       1     0    0
  H 運輸・保管                 1     -1.00     0     1       0       0       0     0    0
  J 情報通信                  8     -1.88     4     8       0       0       4     1    0
  K 金融・保険                 9     -0.78     0     7       0       0       0     0    2
  L 不動産                   3     -1.67     0     3       1       0       2     1    0
  M 専門・技術サービス             2     -0.50     0     1       0       0       0     0    1
  Q 保健・社会事業               2     -1.50     0     2       0       0       1     0    0

═══ 不動産 (L/68) ═══
  net  -3  ISIC 6810  Simon Property Group, Inc.              unilateral mismatch asym-power
  net  -1  ISIC 6810  Public Storage                          unilateral asym-power exit-right
  net  -1  ISIC 6820  Jones Lang LaSalle Incorporated         unilateral

═══ 金融・保険 (K/64-66) ═══
  net  -1  ISIC 6612  BlackRock, Inc.                         unilateral
  net  -1  ISIC 6499  Synchrony Financial                     unilateral
  net  -1  ISIC 6621  Marsh & McLennan Companies, Inc.        unilateral
  net  -1  ISIC 6511  Prudential Financial, Inc.              unilateral
  net  -1  ISIC 6612  The Goldman Sachs Group, Inc.           unilateral
  net  -1  ISIC 6511  MetLife, Inc.                           unilateral
  net  -1  ISIC 6499  American Express Company                unilateral
  net   0  ISIC 6512  Berkshire Hathaway Inc.                 
  net   0  ISIC 6612  Interactive Brokers Group, Inc.         

═══ 公務・国防 (O/84) ═══
  0 社 —— LEI/SEC の枠は法人を覆う。政府そのものは入っていない。

═══ 国有・準国有として ToS を持つ社（名前から特定、ISIC 非依存）═══
  net  -1  Tenaga Nasional Berhad                      unilateral
  net   0  SONATRACH                                   （無検出）
  net   0  SBS Transit Ltd                             （無検出）
  net   0  Deutsche Bahn AG                            （無検出）
  net   0  RATP Developpement                          （無検出）
  net   0  KEPCO (Korea Electric Power Corporation)    （無検出）
  net   0  Enel S.p.A.                                 （無検出）
