ISIC J 情報通信 —— 追加取得 25 社

  社                     net  bytes   検出された機序
  Comcast               -3   66747   −退出コスト −一方的変更 −紛争手段の非対称
  Microsoft             -3   118476  −退出コスト −一方的変更 −非同意・追跡 −紛争手段の非対称 ＋データ可搬性
  Shopify               -3   87211   −退出コスト −一方的変更 −第三者収益
  Squarespace           -3   78729   −退出コスト −一方的変更 −紛争手段の非対称
  Take-Two              -3   76353   −退出コスト −一方的変更 −紛争手段の非対称
  Zoom                  -3   93169   −退出コスト −一方的変更 −紛争手段の非対称
  Electronic Arts       -2   48906   −一方的変更 −紛争手段の非対称
  Netflix               -2   21425   −退出コスト −一方的変更
  Nintendo              -2   20175   −一方的変更 −紛争手段の非対称
  Pinterest             -2   30090   −一方的変更 −紛争手段の非対称
  Spotify               -2   55157   −一方的変更 −紛争手段の非対称
  Wix                   -2   10714   −退出コスト −紛争手段の非対称
  Atlassian             -1   50955   −退出コスト
  Cloudflare            -1   20979   −一方的変更
  Datadog               -1   31139   −一方的変更
  Dropbox               -1   27487   −退出コスト
  Oracle                -1   23416   −一方的変更
  Reddit                -1   93837   −一方的変更
  Snap                  -1   105328  −紛争手段の非対称
  Twilio                -1   139866  −紛争手段の非対称
  Ubisoft               -1   88001   −一方的変更 −紛争手段の非対称 ＋退出の明示的保証
  Salesforce            0    24394   
  Telefonica            0    9574    
  Verizon               0    4271    
  Vodafone              0    3411    

═══ 機序ごとの検出率 ═══
  − 退出コスト                 10/25  40.0%
  − 一方的変更                 16/25  64.0%
  − 第三者収益                 1/25  4.0%
  − 非同意・追跡                1/25  4.0%
  − 紛争手段の非対称              13/25  52.0%
  ＋ データ可搬性                1/25  4.0%
  ＋ 退出の明示的保証              1/25  4.0%

  平均 net: -1.56
  3 点セット（退出コスト＋一方的変更＋紛争非対称）を持つ社: 5 / 25

  ⚠ 10KB 未満は ToS 本文でなく目次ページの可能性: Telefonica, Verizon, Vodafone
