保険約款コーパス: 27 本（損保ジャパン）
  約款（拘束する文書）      : 12 本  平均 298 千字
  重要事項説明書（読ませる文書）: 15 本  平均 21 千字

═══ 文書種別ごとの密度（1 万字あたり）═══
  機序                          約款          重要事項説明書       差
  − 解約時の控除                    0.13        0.04          
  − 免責・待機期間                   0.08        0.00          ← 約款にだけ書いてある
  − 査定の非対称（当会社が認め…）           0.33        0.00          ← 約款にだけ書いてある
  − 一方的変更                     0.04        0.00          ← 約款にだけ書いてある
  − 告知義務違反による解除               0.10        0.14          
  − 自動更新                      0.00        0.22          → 説明書にだけ書いてある
  − 免責事由の広さ                   0.32        0.92          
  ＋ クーリング・オフ（法定）              0.00        1.04          → 説明書にだけ書いてある
  ＋ 解約の自由                     0.05        0.00          ← 約款にだけ書いてある

═══ 負 vs 正 ═══
  約款            負 1.00    正 0.05    比 18.54 : 1
  重要事項説明書       負 1.32    正 1.04    比 1.26 : 1

═══ 同一商品の版を追う —— 団体医療 6 版（2019→2025）═══
  版                       査定の非対称        告知義務違反        解約控除        免責事由
  dantaiiryo1910_yakkan   0.38          0.11          0.14        0.30
  dantaiiryo2101_yakkan   0.39          0.11          0.11        0.30
  dantaiiryo2210_yakkan   0.38          0.11          0.11        0.30
  dantaiiryo2310_yakkan   0.42          0.17          0.11        0.31
  dantaiiryo2501_yakkan   0.46          0.18          0.10        0.26
  dantaiiryo2510_yakkan   0.46          0.18          0.10        0.31
